MPLINK 5.09, LINKER
Linker Map File - Created Thu Apr  2 06:45:58 2020

                                 Section Info
                  Section       Type    Address   Location Size(Bytes)
                ---------  ---------  ---------  ---------  ---------
                 RES_VECT       code   0x000000    program   0x000002
                   .cinit    romdata   0x000001    program   0x000004
                MAIN_PROG       code   0x000003    program   0x000054
                   .udata      udata   0x000010       data   0x000000



                              Program Memory Usage 
                               Start         End      
                           ---------   ---------      
                            0x000000    0x00002c      
            45 out of 261 program addresses used, program memory utilization is 17%



                              Symbols - Sorted by Name
                     Name    Address   Location    Storage File                     
                ---------  ---------  ---------  --------- ---------                
                  COMMAND   0x000008    program     static /home/palade/MPLABXProjects/Toggle2ASM.X/main.asm
                    DELAY   0x000018    program     static /home/palade/MPLABXProjects/Toggle2ASM.X/main.asm
                     INIT   0x000003    program     static /home/palade/MPLABXProjects/Toggle2ASM.X/main.asm
                     LOOP   0x00001a    program     static /home/palade/MPLABXProjects/Toggle2ASM.X/main.asm
                    LOOP1   0x00001f    program     static /home/palade/MPLABXProjects/Toggle2ASM.X/main.asm
                    START   0x000008    program     static /home/palade/MPLABXProjects/Toggle2ASM.X/main.asm
                   TOGGLE   0x00001d    program     static /home/palade/MPLABXProjects/Toggle2ASM.X/main.asm
                  TOGGLE1   0x000026    program     static /home/palade/MPLABXProjects/Toggle2ASM.X/main.asm
                     _SUB   0x000029    program     static /home/palade/MPLABXProjects/Toggle2ASM.X/main.asm
                      REG   0x000010       data     static /home/palade/MPLABXProjects/Toggle2ASM.X/main.asm



                              Symbols - Sorted by Address
                     Name    Address   Location    Storage File                     
                ---------  ---------  ---------  --------- ---------                
                     INIT   0x000003    program     static /home/palade/MPLABXProjects/Toggle2ASM.X/main.asm
                  COMMAND   0x000008    program     static /home/palade/MPLABXProjects/Toggle2ASM.X/main.asm
                    START   0x000008    program     static /home/palade/MPLABXProjects/Toggle2ASM.X/main.asm
                    DELAY   0x000018    program     static /home/palade/MPLABXProjects/Toggle2ASM.X/main.asm
                     LOOP   0x00001a    program     static /home/palade/MPLABXProjects/Toggle2ASM.X/main.asm
                   TOGGLE   0x00001d    program     static /home/palade/MPLABXProjects/Toggle2ASM.X/main.asm
                    LOOP1   0x00001f    program     static /home/palade/MPLABXProjects/Toggle2ASM.X/main.asm
                  TOGGLE1   0x000026    program     static /home/palade/MPLABXProjects/Toggle2ASM.X/main.asm
                     _SUB   0x000029    program     static /home/palade/MPLABXProjects/Toggle2ASM.X/main.asm
                      REG   0x000010       data     static /home/palade/MPLABXProjects/Toggle2ASM.X/main.asm


